Microsoft Windows [Version 10.0.16299.431]
(c) 2017 Microsoft Corporation. All rights reserved.

C:\Users\Barinder Kaur Bhangu>cd C:/xampp/mysql/bin

C:\xampp\mysql\bin>mysql/-u root -p
mysql  Ver 15.1 Distrib 10.1.31-MariaDB, for Win32 (AMD64)
Copyright (c) 2000, 2018, Oracle, MariaDB Corporation Ab and others.

Usage: mysql [OPTIONS] [database]

Default options are read from the following files in the given order:
C:\WINDOWS\my.ini C:\WINDOWS\my.cnf C:\my.ini C:\my.cnf C:\xampp\mysql\my.ini C:\xampp\mysql\my.cnf C:\xampp\mysql\data\my.ini C:\xampp\mysql\data\my.cnf
The following groups are read: mysql client client-server client-mariadb
The following options may be given as the first argument:
--print-defaults        Print the program argument list and exit.
--no-defaults           Don't read default options from any option file.
--defaults-file=#       Only read default options from the given file #.
--defaults-extra-file=# Read this file after the global files are read.

  -?, --help          Display this help and exit.
  -I, --help          Synonym for -?
  --abort-source-on-error
                      Abort 'source filename' operations in case of errors
  --auto-rehash       Enable automatic rehashing. One doesn't need to use
                      'rehash' to get table and field completion, but startup
                      and reconnecting may take a longer time. Disable with
                      --disable-auto-rehash.
                      (Defaults to on; use --skip-auto-rehash to disable.)
  -A, --no-auto-rehash
                      No automatic rehashing. One has to use 'rehash' to get
                      table and field completion. This gives a quicker start of
                      mysql and disables rehashing on reconnect.
  --auto-vertical-output
                      Automatically switch to vertical output mode if the
                      result is wider than the terminal width.
  -B, --batch         Don't use history file. Disable interactive behavior.
                      (Enables --silent.)
  -b, --binary-as-hex Print binary data as hex
  --character-sets-dir=name
                      Directory for character set files.
  --column-type-info  Display column type information.
  -c, --comments      Preserve comments. Send comments to the server. The
                      default is --skip-comments (discard comments), enable
                      with --comments.
  -C, --compress      Use compression in server/client protocol.
  -#, --debug[=#]     This is a non-debug version. Catch this and exit.
  --debug-check       Check memory and open file usage at exit.
  -T, --debug-info    Print some debug info at exit.
  -D, --database=name Database to use.
  --default-character-set=name
                      Set the default character set.
  --delimiter=name    Delimiter to be used.
  -e, --execute=name  Execute command and quit. (Disables --force and history
                      file.)
  -E, --vertical      Print the output of a query (rows) vertically.
  -f, --force         Continue even if we get an SQL error. Sets
                      abort-source-on-error to 0
  -G, --named-commands
                      Enable named commands. Named commands mean this program's
                      internal commands; see mysql> help . When enabled, the
                      named commands can be used from any line of the query,
                      otherwise only from the first line, before an enter.
                      Disable with --disable-named-commands. This option is
                      disabled by default.
  -i, --ignore-spaces Ignore space after function names.
  --init-command=name SQL Command to execute when connecting to MySQL server.
                      Will automatically be re-executed when reconnecting.
  --local-infile      Enable/disable LOAD DATA LOCAL INFILE.
  -b, --no-beep       Turn off beep on error.
  -h, --host=name     Connect to host.
  -H, --html          Produce HTML output.
  -X, --xml           Produce XML output.
  --line-numbers      Write line numbers for errors.
                      (Defaults to on; use --skip-line-numbers to disable.)
  -L, --skip-line-numbers
                      Don't write line number for errors.
  -n, --unbuffered    Flush buffer after each query.
  --column-names      Write column names in results.
                      (Defaults to on; use --skip-column-names to disable.)
  -N, --skip-column-names
                      Don't write column names in results.
  --sigint-ignore     Ignore SIGINT (CTRL-C).
  -o, --one-database  Ignore statements except those that occur while the
                      default database is the one named at the command line.
  -p, --password[=name]
                      Password to use when connecting to server. If password is
                      not given it's asked from the tty.
  -W, --pipe          Use named pipes to connect to server.
  -P, --port=#        Port number to use for connection or 0 for default to, in
                      order of preference, my.cnf, $MYSQL_TCP_PORT,
                      /etc/services, built-in default (3306).
  --progress-reports  Get progress reports for long running commands (like
                      ALTER TABLE)
                      (Defaults to on; use --skip-progress-reports to disable.)
  --prompt=name       Set the mysql prompt to this value.
  --protocol=name     The protocol to use for connection (tcp, socket, pipe,
                      memory).
  -q, --quick         Don't cache result, print it row by row. This may slow
                      down the server if the output is suspended. Doesn't use
                      history file.
  -r, --raw           Write fields without conversion. Used with --batch.
  --reconnect         Reconnect if the connection is lost. Disable with
                      --disable-reconnect. This option is enabled by default.
                      (Defaults to on; use --skip-reconnect to disable.)
  -s, --silent        Be more silent. Print results with a tab as separator,
                      each row on new line.
  --shared-memory-base-name=name
                      Base name of shared memory.
  -S, --socket=name   The socket file to use for connection.
  --ssl               Enable SSL for connection (automatically enabled with
                      other flags).
  --ssl-ca=name       CA file in PEM format (check OpenSSL docs, implies
                      --ssl).
  --ssl-capath=name   CA directory (check OpenSSL docs, implies --ssl).
  --ssl-cert=name     X509 cert in PEM format (implies --ssl).
  --ssl-cipher=name   SSL cipher to use (implies --ssl).
  --ssl-key=name      X509 key in PEM format (implies --ssl).
  --ssl-crl=name      Certificate revocation list (implies --ssl).
  --ssl-crlpath=name  Certificate revocation list path (implies --ssl).
  --ssl-verify-server-cert
                      Verify server's "Common Name" in its cert against
                      hostname used when connecting. This option is disabled by
                      default.
  -t, --table         Output in table format.
  --tee=name          Append everything into outfile. See interactive help (\h)
                      also. Does not work in batch mode. Disable with
                      --disable-tee. This option is disabled by default.
  -u, --user=name     User for login if not current user.
  -U, --safe-updates  Only allow UPDATE and DELETE that uses keys.
  -U, --i-am-a-dummy  Synonym for option --safe-updates, -U.
  -v, --verbose       Write more. (-v -v -v gives the table output format).
  -V, --version       Output version information and exit.
  -w, --wait          Wait and retry if connection is down.
  --connect-timeout=# Number of seconds before connection timeout.
  --max-allowed-packet=#
                      The maximum packet length to send to or receive from
                      server.
  --net-buffer-length=#
                      The buffer size for TCP/IP and socket communication.
  --select-limit=#    Automatic limit for SELECT when using --safe-updates.
  --max-join-size=#   Automatic limit for rows in a join when using
                      --safe-updates.
  --secure-auth       Refuse client connecting to server if it uses old
                      (pre-4.1.1) protocol.
  --server-arg=name   Send embedded server this as a parameter.
  --show-warnings     Show warnings after every statement.
  --plugin-dir=name   Directory for client-side plugins.
  --default-auth=name Default authentication client-side plugin to use.
  --binary-mode       By default, ASCII '\0' is disallowed and '\r\n' is
                      translated to '\n'. This switch turns off both features,
                      and also turns off parsing of all clientcommands except
                      \C and DELIMITER, in non-interactive mode (for input
                      piped to mysql or loaded using the 'source' command).
                      This is necessary when processing output from mysqlbinlog
                      that may contain blobs.

Variables (--variable-name=value)
and boolean options {FALSE|TRUE}  Value (after reading options)
--------------------------------- ----------------------------------------
abort-source-on-error             FALSE
auto-rehash                       TRUE
auto-vertical-output              FALSE
binary-as-hex                     FALSE
character-sets-dir                (No default value)
column-type-info                  FALSE
comments                          FALSE
compress                          FALSE
debug-check                       FALSE
debug-info                        FALSE
database                          (No default value)
default-character-set             auto
delimiter                         ;
vertical                          FALSE
force                             FALSE
named-commands                    FALSE
ignore-spaces                     FALSE
init-command                      (No default value)
local-infile                      FALSE
no-beep                           FALSE
host                              (No default value)
html                              FALSE
xml                               FALSE
line-numbers                      TRUE
unbuffered                        FALSE
column-names                      TRUE
sigint-ignore                     FALSE
port                              0
progress-reports                  TRUE
prompt                            \N [\d]>
quick                             FALSE
raw                               FALSE
reconnect                         TRUE
shared-memory-base-name           (No default value)
socket                            (No default value)
ssl                               FALSE
ssl-ca                            (No default value)
ssl-capath                        (No default value)
ssl-cert                          (No default value)
ssl-cipher                        (No default value)
ssl-key                           (No default value)
ssl-crl                           (No default value)
ssl-crlpath                       (No default value)
ssl-verify-server-cert            FALSE
table                             FALSE
user                              (No default value)
safe-updates                      FALSE
i-am-a-dummy                      FALSE
connect-timeout                   0
max-allowed-packet                16777216
net-buffer-length                 16384
select-limit                      1000
max-join-size                     1000000
secure-auth                       FALSE
show-warnings                     FALSE
plugin-dir                        (No default value)
default-auth                      (No default value)
binary-mode                       FALSE

C:\xampp\mysql\bin>
C:\xampp\mysql\bin>mysql -u root -p
Enter password:
Welcome to the MariaDB monitor.  Commands end with ; or \g.
Your MariaDB connection id is 2
Server version: 10.1.31-MariaDB mariadb.org binary distribution

Copyright (c) 2000, 2018, Oracle, MariaDB Corporation Ab and others.

Type 'help;' or '\h' for help. Type '\c' to clear the current input statement.

MariaDB [(none)]> USE CSD2204S18;
Database changed
MariaDB [CSD2204S18]> SHOW TABLES;
+----------------------+
| Tables_in_csd2204s18 |
+----------------------+
| c1                   |
| c3                   |
| customer             |
| orders               |
| persons              |
+----------------------+
5 rows in set (0.00 sec)

MariaDB [CSD2204S18]> SELECT * FROM CUSTOMER;
+--------+----------------+----------+----------+------------+------+
| custId | name           | nickname | city     | postalCode | age  |
+--------+----------------+----------+----------+------------+------+
| C10    | JACK SP        | SPARROW  | JERSEY   | 102301     |   35 |
| CO1    | ASHLEY         | ASH      | WDC      | 321200     |   34 |
| CO2    | BOB MARLEY     | BM       | TORONTO  | 100100     |   23 |
| CO3    | CHERLIS THERON | CHER     | NEW YORK | 120134     |   20 |
| CO4    | DENIAL JACK    | DJ       | BRAZIL   | 341020     |   25 |
| CO5    | DONNA NEWMAN   | NEW      | TORONTO  | 130120     |   50 |
| CO6    | ESTON M.       | M.       | TORONTO  | 201023     |   65 |
| CO7    | BOBBY CHACKO   | CHAC     | NEW YORK | 320300     |   70 |
| CO8    | ASHKO CHARLES  | AK       | USA      | 421044     |   72 |
| CO9    | TONY SPECIAL   | SPECIE   | GTA      | 418921     |   62 |
+--------+----------------+----------+----------+------------+------+
10 rows in set (0.11 sec)

MariaDB [CSD2204S18]> SELECT * FROM CUSTOMER ORDER BY CUSTID DESC LIMIT 3;
+--------+---------------+----------+----------+------------+------+
| custId | name          | nickname | city     | postalCode | age  |
+--------+---------------+----------+----------+------------+------+
| CO9    | TONY SPECIAL  | SPECIE   | GTA      | 418921     |   62 |
| CO8    | ASHKO CHARLES | AK       | USA      | 421044     |   72 |
| CO7    | BOBBY CHACKO  | CHAC     | NEW YORK | 320300     |   70 |
+--------+---------------+----------+----------+------------+------+
3 rows in set (0.02 sec)

MariaDB [CSD2204S18]> SELECT * FROM CUSTOMER ORDER BY CUSTID DESC;
+--------+----------------+----------+----------+------------+------+
| custId | name           | nickname | city     | postalCode | age  |
+--------+----------------+----------+----------+------------+------+
| CO9    | TONY SPECIAL   | SPECIE   | GTA      | 418921     |   62 |
| CO8    | ASHKO CHARLES  | AK       | USA      | 421044     |   72 |
| CO7    | BOBBY CHACKO   | CHAC     | NEW YORK | 320300     |   70 |
| CO6    | ESTON M.       | M.       | TORONTO  | 201023     |   65 |
| CO5    | DONNA NEWMAN   | NEW      | TORONTO  | 130120     |   50 |
| CO4    | DENIAL JACK    | DJ       | BRAZIL   | 341020     |   25 |
| CO3    | CHERLIS THERON | CHER     | NEW YORK | 120134     |   20 |
| CO2    | BOB MARLEY     | BM       | TORONTO  | 100100     |   23 |
| CO1    | ASHLEY         | ASH      | WDC      | 321200     |   34 |
| C10    | JACK SP        | SPARROW  | JERSEY   | 102301     |   35 |
+--------+----------------+----------+----------+------------+------+
10 rows in set (0.00 sec)

MariaDB [CSD2204S18]> update CUSTOMER set CUSTID ="C01" where NAME=ASHLEY;
ERROR 1054 (42S22): Unknown column 'ASHLEY' in 'where clause'
MariaDB [CSD2204S18]> update CUSTOMER set CUSTID ="C01" where NAME='ASHLEY';
Query OK, 1 row affected (0.14 sec)
Rows matched: 1  Changed: 1  Warnings: 0

MariaDB [CSD2204S18]> SELECT * FROM CUSTOMER ORDER BY CUSTID DESC;
+--------+----------------+----------+----------+------------+------+
| custId | name           | nickname | city     | postalCode | age  |
+--------+----------------+----------+----------+------------+------+
| CO9    | TONY SPECIAL   | SPECIE   | GTA      | 418921     |   62 |
| CO8    | ASHKO CHARLES  | AK       | USA      | 421044     |   72 |
| CO7    | BOBBY CHACKO   | CHAC     | NEW YORK | 320300     |   70 |
| CO6    | ESTON M.       | M.       | TORONTO  | 201023     |   65 |
| CO5    | DONNA NEWMAN   | NEW      | TORONTO  | 130120     |   50 |
| CO4    | DENIAL JACK    | DJ       | BRAZIL   | 341020     |   25 |
| CO3    | CHERLIS THERON | CHER     | NEW YORK | 120134     |   20 |
| CO2    | BOB MARLEY     | BM       | TORONTO  | 100100     |   23 |
| C10    | JACK SP        | SPARROW  | JERSEY   | 102301     |   35 |
| C01    | ASHLEY         | ASH      | WDC      | 321200     |   34 |
+--------+----------------+----------+----------+------------+------+
10 rows in set (0.00 sec)

MariaDB [CSD2204S18]> update CUSTOMER set CUSTID ="C02" where NAME='BOB MARLEY';
Query OK, 1 row affected (0.15 sec)
Rows matched: 1  Changed: 1  Warnings: 0

MariaDB [CSD2204S18]> update CUSTOMER set CUSTID ="C03" where NAME='CHERLIS THERON';
Query OK, 1 row affected (0.13 sec)
Rows matched: 1  Changed: 1  Warnings: 0

MariaDB [CSD2204S18]> update CUSTOMER set CUSTID ="C03" where NAME='DENIAL JACK';
ERROR 1062 (23000): Duplicate entry 'C03' for key 'PRIMARY'
MariaDB [CSD2204S18]> update CUSTOMER set CUSTID ="C04" where NAME='DENIAL JACK';
Query OK, 1 row affected (0.13 sec)
Rows matched: 1  Changed: 1  Warnings: 0

MariaDB [CSD2204S18]> update CUSTOMER set CUSTID ="C05" where NAME='DONNA NEWMAN;
    '> ';
Query OK, 0 rows affected (0.00 sec)
Rows matched: 0  Changed: 0  Warnings: 0

MariaDB [CSD2204S18]> update CUSTOMER set CUSTID ="C06" where NAME='ESTON M.';
Query OK, 1 row affected (0.15 sec)
Rows matched: 1  Changed: 1  Warnings: 0

MariaDB [CSD2204S18]> SELECT * FROM CUSTOMER ORDER BY CUSTID DESC;
+--------+----------------+----------+----------+------------+------+
| custId | name           | nickname | city     | postalCode | age  |
+--------+----------------+----------+----------+------------+------+
| CO9    | TONY SPECIAL   | SPECIE   | GTA      | 418921     |   62 |
| CO8    | ASHKO CHARLES  | AK       | USA      | 421044     |   72 |
| CO7    | BOBBY CHACKO   | CHAC     | NEW YORK | 320300     |   70 |
| CO5    | DONNA NEWMAN   | NEW      | TORONTO  | 130120     |   50 |
| C10    | JACK SP        | SPARROW  | JERSEY   | 102301     |   35 |
| C06    | ESTON M.       | M.       | TORONTO  | 201023     |   65 |
| C04    | DENIAL JACK    | DJ       | BRAZIL   | 341020     |   25 |
| C03    | CHERLIS THERON | CHER     | NEW YORK | 120134     |   20 |
| C02    | BOB MARLEY     | BM       | TORONTO  | 100100     |   23 |
| C01    | ASHLEY         | ASH      | WDC      | 321200     |   34 |
+--------+----------------+----------+----------+------------+------+
10 rows in set (0.00 sec)

MariaDB [CSD2204S18]> update CUSTOMER set CUSTID ="C05" where NAME='DONNA NEWMAN';
Query OK, 1 row affected (0.15 sec)
Rows matched: 1  Changed: 1  Warnings: 0

MariaDB [CSD2204S18]> update CUSTOMER set CUSTID ="C07" where NAME='BOBBY CHACKO';
Query OK, 1 row affected (0.08 sec)
Rows matched: 1  Changed: 1  Warnings: 0

MariaDB [CSD2204S18]> update CUSTOMER set CUSTID ="C08" where NAME='ASHKO CHARLES';
Query OK, 1 row affected (0.27 sec)
Rows matched: 1  Changed: 1  Warnings: 0

MariaDB [CSD2204S18]> update CUSTOMER set CUSTID ="C09" where NAME='TONY SPECIAL';
Query OK, 1 row affected (0.14 sec)
Rows matched: 1  Changed: 1  Warnings: 0

MariaDB [CSD2204S18]> SELECT * FROM CUSTOMER ORDER BY CUSTID DESC;
+--------+----------------+----------+----------+------------+------+
| custId | name           | nickname | city     | postalCode | age  |
+--------+----------------+----------+----------+------------+------+
| C10    | JACK SP        | SPARROW  | JERSEY   | 102301     |   35 |
| C09    | TONY SPECIAL   | SPECIE   | GTA      | 418921     |   62 |
| C08    | ASHKO CHARLES  | AK       | USA      | 421044     |   72 |
| C07    | BOBBY CHACKO   | CHAC     | NEW YORK | 320300     |   70 |
| C06    | ESTON M.       | M.       | TORONTO  | 201023     |   65 |
| C05    | DONNA NEWMAN   | NEW      | TORONTO  | 130120     |   50 |
| C04    | DENIAL JACK    | DJ       | BRAZIL   | 341020     |   25 |
| C03    | CHERLIS THERON | CHER     | NEW YORK | 120134     |   20 |
| C02    | BOB MARLEY     | BM       | TORONTO  | 100100     |   23 |
| C01    | ASHLEY         | ASH      | WDC      | 321200     |   34 |
+--------+----------------+----------+----------+------------+------+
10 rows in set (0.00 sec)

MariaDB [CSD2204S18]> SELECT * FROM CUSTOMER LIMIT 3;
+--------+----------------+----------+----------+------------+------+
| custId | name           | nickname | city     | postalCode | age  |
+--------+----------------+----------+----------+------------+------+
| C01    | ASHLEY         | ASH      | WDC      | 321200     |   34 |
| C02    | BOB MARLEY     | BM       | TORONTO  | 100100     |   23 |
| C03    | CHERLIS THERON | CHER     | NEW YORK | 120134     |   20 |
+--------+----------------+----------+----------+------------+------+
3 rows in set (0.00 sec)

MariaDB [CSD2204S18]> SELECT * FROM CUSTOMER ORDER BY CUSTID DESC LIMIT 3;
+--------+---------------+----------+--------+------------+------+
| custId | name          | nickname | city   | postalCode | age  |
+--------+---------------+----------+--------+------------+------+
| C10    | JACK SP       | SPARROW  | JERSEY | 102301     |   35 |
| C09    | TONY SPECIAL  | SPECIE   | GTA    | 418921     |   62 |
| C08    | ASHKO CHARLES | AK       | USA    | 421044     |   72 |
+--------+---------------+----------+--------+------------+------+
3 rows in set (0.00 sec)

MariaDB [CSD2204S18]> SELECT * FROM CUSTOMER GROUP BY CITY;
+--------+----------------+----------+----------+------------+------+
| custId | name           | nickname | city     | postalCode | age  |
+--------+----------------+----------+----------+------------+------+
| C04    | DENIAL JACK    | DJ       | BRAZIL   | 341020     |   25 |
| C09    | TONY SPECIAL   | SPECIE   | GTA      | 418921     |   62 |
| C10    | JACK SP        | SPARROW  | JERSEY   | 102301     |   35 |
| C03    | CHERLIS THERON | CHER     | NEW YORK | 120134     |   20 |
| C02    | BOB MARLEY     | BM       | TORONTO  | 100100     |   23 |
| C08    | ASHKO CHARLES  | AK       | USA      | 421044     |   72 |
| C01    | ASHLEY         | ASH      | WDC      | 321200     |   34 |
+--------+----------------+----------+----------+------------+------+
7 rows in set (0.10 sec)

MariaDB [CSD2204S18]> SELECT CITY FROM CUSTOMER GROUP BY CITY;
+----------+
| CITY     |
+----------+
| BRAZIL   |
| GTA      |
| JERSEY   |
| NEW YORK |
| TORONTO  |
| USA      |
| WDC      |
+----------+
7 rows in set (0.00 sec)

MariaDB [CSD2204S18]> SELECT COUNT(CITY) "UNIQUE CITIES" FROM CUSTOMER GROUP BY CITY;
+---------------+
| UNIQUE CITIES |
+---------------+
|             1 |
|             1 |
|             1 |
|             2 |
|             3 |
|             1 |
|             1 |
+---------------+
7 rows in set (0.09 sec)

MariaDB [CSD2204S18]> SELECT COUNT(CITY) "NO OF CUSTOMERS" FROM CUSTOMER GROUP BY CITY;
+-----------------+
| NO OF CUSTOMERS |
+-----------------+
|               1 |
|               1 |
|               1 |
|               2 |
|               3 |
|               1 |
|               1 |
+-----------------+
7 rows in set (0.00 sec)

MariaDB [CSD2204S18]> SELECT COUNT(CITY) "NO OF CUSTOMERS" FROM CUSTOMER GROUP BY CITY HAVING CITY LIKE 'NEW%';
+-----------------+
| NO OF CUSTOMERS |
+-----------------+
|               2 |
+-----------------+
1 row in set (0.00 sec)

MariaDB [CSD2204S18]> SELECT COUNT(CITY) "NO OF CUSTOMERS" FROM CUSTOMER GROUP BY CITY HAVING CITY LIKE 'NEW%' OR CITY = 'TORONTO';
+-----------------+
| NO OF CUSTOMERS |
+-----------------+
|               2 |
|               3 |
+-----------------+
2 rows in set (0.00 sec)

MariaDB [CSD2204S18]> SELECT CITY,COUNT(CITY) "NO OF CUSTOMERS" FROM CUSTOMER GROUP BY CITY HAVING CITY LIKE 'NEW%' OR CITY = 'TORONTO';
+----------+-----------------+
| CITY     | NO OF CUSTOMERS |
+----------+-----------------+
| NEW YORK |               2 |
| TORONTO  |               3 |
+----------+-----------------+
2 rows in set (0.00 sec)

MariaDB [CSD2204S18]> SELECT CITY,COUNT(CITY) "NO OF CUSTOMERS" FROM CUSTOMER GROUP BY CITY HAVING COUNT(city) > 2;
+---------+-----------------+
| CITY    | NO OF CUSTOMERS |
+---------+-----------------+
| TORONTO |               3 |
+---------+-----------------+
1 row in set (0.00 sec)

MariaDB [CSD2204S18]> SELECT * FROM CUSTOMER WHERE name REGEXP '^D';
+--------+--------------+----------+---------+------------+------+
| custId | name         | nickname | city    | postalCode | age  |
+--------+--------------+----------+---------+------------+------+
| C04    | DENIAL JACK  | DJ       | BRAZIL  | 341020     |   25 |
| C05    | DONNA NEWMAN | NEW      | TORONTO | 130120     |   50 |
+--------+--------------+----------+---------+------------+------+
2 rows in set (0.13 sec)

MariaDB [CSD2204S18]> SELECT * FROM CUSTOMER WHERE name REGEXP 'N&';
Empty set (0.00 sec)

MariaDB [CSD2204S18]> SELECT * FROM CUSTOMER WHERE name REGEXP 'N$';
+--------+----------------+----------+----------+------------+------+
| custId | name           | nickname | city     | postalCode | age  |
+--------+----------------+----------+----------+------------+------+
| C03    | CHERLIS THERON | CHER     | NEW YORK | 120134     |   20 |
| C05    | DONNA NEWMAN   | NEW      | TORONTO  | 130120     |   50 |
+--------+----------------+----------+----------+------------+------+
2 rows in set (0.00 sec)

MariaDB [CSD2204S18]> SELECT * FROM CUSTOMER WHERE name REGEXP '^..E';
+--------+----------------+----------+----------+------------+------+
| custId | name           | nickname | city     | postalCode | age  |
+--------+----------------+----------+----------+------------+------+
| C03    | CHERLIS THERON | CHER     | NEW YORK | 120134     |   20 |
+--------+----------------+----------+----------+------------+------+
1 row in set (0.00 sec)

MariaDB [CSD2204S18]> SELECT * FROM CUSTOMER WHERE name POSTALCODE REGEXP '^[0-9]';
ERROR 1064 (42000): You have an error in your SQL syntax; check the manual that corresponds to your MariaDB server version for the right syntax to use near 'POSTALCODE REGEXP '^[0-9]'' at line 1
MariaDB [CSD2204S18]> SELECT * FROM CUSTOMER WHERE POSTALCODE REGEXP '^[0-9]';
+--------+----------------+----------+----------+------------+------+
| custId | name           | nickname | city     | postalCode | age  |
+--------+----------------+----------+----------+------------+------+
| C01    | ASHLEY         | ASH      | WDC      | 321200     |   34 |
| C02    | BOB MARLEY     | BM       | TORONTO  | 100100     |   23 |
| C03    | CHERLIS THERON | CHER     | NEW YORK | 120134     |   20 |
| C04    | DENIAL JACK    | DJ       | BRAZIL   | 341020     |   25 |
| C05    | DONNA NEWMAN   | NEW      | TORONTO  | 130120     |   50 |
| C06    | ESTON M.       | M.       | TORONTO  | 201023     |   65 |
| C07    | BOBBY CHACKO   | CHAC     | NEW YORK | 320300     |   70 |
| C08    | ASHKO CHARLES  | AK       | USA      | 421044     |   72 |
| C09    | TONY SPECIAL   | SPECIE   | GTA      | 418921     |   62 |
| C10    | JACK SP        | SPARROW  | JERSEY   | 102301     |   35 |
+--------+----------------+----------+----------+------------+------+
10 rows in set (0.00 sec)

MariaDB [CSD2204S18]> SELECT * FROM CUSTOMER WHERE nickname REGEXP '^A*';
+--------+----------------+----------+----------+------------+------+
| custId | name           | nickname | city     | postalCode | age  |
+--------+----------------+----------+----------+------------+------+
| C01    | ASHLEY         | ASH      | WDC      | 321200     |   34 |
| C02    | BOB MARLEY     | BM       | TORONTO  | 100100     |   23 |
| C03    | CHERLIS THERON | CHER     | NEW YORK | 120134     |   20 |
| C04    | DENIAL JACK    | DJ       | BRAZIL   | 341020     |   25 |
| C05    | DONNA NEWMAN   | NEW      | TORONTO  | 130120     |   50 |
| C06    | ESTON M.       | M.       | TORONTO  | 201023     |   65 |
| C07    | BOBBY CHACKO   | CHAC     | NEW YORK | 320300     |   70 |
| C08    | ASHKO CHARLES  | AK       | USA      | 421044     |   72 |
| C09    | TONY SPECIAL   | SPECIE   | GTA      | 418921     |   62 |
| C10    | JACK SP        | SPARROW  | JERSEY   | 102301     |   35 |
+--------+----------------+----------+----------+------------+------+
10 rows in set (0.00 sec)

MariaDB [CSD2204S18]> SELECT * FROM CUSTOMER WHERE nickname REGEXP '^A+';
+--------+---------------+----------+------+------------+------+
| custId | name          | nickname | city | postalCode | age  |
+--------+---------------+----------+------+------------+------+
| C01    | ASHLEY        | ASH      | WDC  | 321200     |   34 |
| C08    | ASHKO CHARLES | AK       | USA  | 421044     |   72 |
+--------+---------------+----------+------+------------+------+
2 rows in set (0.00 sec)

MariaDB [CSD2204S18]> SELECT * FROM CUSTOMER WHERE nickname REGEXP '^A?';
+--------+----------------+----------+----------+------------+------+
| custId | name           | nickname | city     | postalCode | age  |
+--------+----------------+----------+----------+------------+------+
| C01    | ASHLEY         | ASH      | WDC      | 321200     |   34 |
| C02    | BOB MARLEY     | BM       | TORONTO  | 100100     |   23 |
| C03    | CHERLIS THERON | CHER     | NEW YORK | 120134     |   20 |
| C04    | DENIAL JACK    | DJ       | BRAZIL   | 341020     |   25 |
| C05    | DONNA NEWMAN   | NEW      | TORONTO  | 130120     |   50 |
| C06    | ESTON M.       | M.       | TORONTO  | 201023     |   65 |
| C07    | BOBBY CHACKO   | CHAC     | NEW YORK | 320300     |   70 |
| C08    | ASHKO CHARLES  | AK       | USA      | 421044     |   72 |
| C09    | TONY SPECIAL   | SPECIE   | GTA      | 418921     |   62 |
| C10    | JACK SP        | SPARROW  | JERSEY   | 102301     |   35 |
+--------+----------------+----------+----------+------------+------+
10 rows in set (0.00 sec)

MariaDB [CSD2204S18]> SELECT * FROM CUSTOMER WHERE city REGEXP '^.{4}';
+--------+----------------+----------+----------+------------+------+
| custId | name           | nickname | city     | postalCode | age  |
+--------+----------------+----------+----------+------------+------+
| C02    | BOB MARLEY     | BM       | TORONTO  | 100100     |   23 |
| C03    | CHERLIS THERON | CHER     | NEW YORK | 120134     |   20 |
| C04    | DENIAL JACK    | DJ       | BRAZIL   | 341020     |   25 |
| C05    | DONNA NEWMAN   | NEW      | TORONTO  | 130120     |   50 |
| C06    | ESTON M.       | M.       | TORONTO  | 201023     |   65 |
| C07    | BOBBY CHACKO   | CHAC     | NEW YORK | 320300     |   70 |
| C10    | JACK SP        | SPARROW  | JERSEY   | 102301     |   35 |
+--------+----------------+----------+----------+------------+------+
7 rows in set (0.01 sec)

MariaDB [CSD2204S18]> SELECT * FROM CUSTOMER WHERE city RLIKE '^.{4}';
+--------+----------------+----------+----------+------------+------+
| custId | name           | nickname | city     | postalCode | age  |
+--------+----------------+----------+----------+------------+------+
| C02    | BOB MARLEY     | BM       | TORONTO  | 100100     |   23 |
| C03    | CHERLIS THERON | CHER     | NEW YORK | 120134     |   20 |
| C04    | DENIAL JACK    | DJ       | BRAZIL   | 341020     |   25 |
| C05    | DONNA NEWMAN   | NEW      | TORONTO  | 130120     |   50 |
| C06    | ESTON M.       | M.       | TORONTO  | 201023     |   65 |
| C07    | BOBBY CHACKO   | CHAC     | NEW YORK | 320300     |   70 |
| C10    | JACK SP        | SPARROW  | JERSEY   | 102301     |   35 |
+--------+----------------+----------+----------+------------+------+
7 rows in set (0.00 sec)

MariaDB [CSD2204S18]> SELECT  CURDATE;
ERROR 1054 (42S22): Unknown column 'CURDATE' in 'field list'
MariaDB [CSD2204S18]> SELECT  CURDATE();
+------------+
| CURDATE()  |
+------------+
| 2018-05-14 |
+------------+
1 row in set (0.03 sec)

MariaDB [CSD2204S18]> SELECT  NOW();
+---------------------+
| NOW()               |
+---------------------+
| 2018-05-14 09:15:32 |
+---------------------+
1 row in set (0.00 sec)

MariaDB [CSD2204S18]> ALTER TABLE CUSTOMER ADD COLUMN dob DATE;
Query OK, 0 rows affected (0.36 sec)
Records: 0  Duplicates: 0  Warnings: 0

MariaDB [CSD2204S18]> desc customer;
+------------+-------------+------+-----+---------+-------+
| Field      | Type        | Null | Key | Default | Extra |
+------------+-------------+------+-----+---------+-------+
| custId     | varchar(5)  | NO   | PRI | NULL    |       |
| name       | varchar(50) | YES  |     | NULL    |       |
| nickname   | varchar(10) | YES  |     | NULL    |       |
| city       | varchar(20) | YES  |     | NULL    |       |
| postalCode | varchar(10) | YES  |     | NULL    |       |
| age        | int(3)      | YES  |     | NULL    |       |
| dob        | date        | YES  |     | NULL    |       |
+------------+-------------+------+-----+---------+-------+
7 rows in set (0.00 sec)

MariaDB [CSD2204S18]> update CUSTOMER set dob ='1996-04-15" where custid ='C01';
    '> update CUSTOMER set dob ='1996-04-15' where custid ='C01';
    '> ';
ERROR 1064 (42000): You have an error in your SQL syntax; check the manual that corresponds to your MariaDB server version for the right syntax to use near 'C01';
update CUSTOMER set dob ='1996-04-15' where custid ='C01';
'' at line 1
MariaDB [CSD2204S18]> update CUSTOMER set dob ='1996-04-15' where custid ='C01';
Query OK, 1 row affected (0.17 sec)
Rows matched: 1  Changed: 1  Warnings: 0

MariaDB [CSD2204S18]> update CUSTOMER set dob ='1991-01-15" where custid ='C01';
    '> ';
ERROR 1064 (42000): You have an error in your SQL syntax; check the manual that corresponds to your MariaDB server version for the right syntax to use near 'C01';
'' at line 1
MariaDB [CSD2204S18]> update CUSTOMER set dob ='1991-01-15' where custid ='C01';
Query OK, 1 row affected (0.12 sec)
Rows matched: 1  Changed: 1  Warnings: 0

MariaDB [CSD2204S18]> update CUSTOMER set dob ='1996-04-15' where custid ='C02';
Query OK, 1 row affected (0.07 sec)
Rows matched: 1  Changed: 1  Warnings: 0

MariaDB [CSD2204S18]> update CUSTOMER set dob ='1994-05-09' where custid ='C03';
Query OK, 1 row affected (0.12 sec)
Rows matched: 1  Changed: 1  Warnings: 0

MariaDB [CSD2204S18]> update CUSTOMER set dob ='1995-11-03' where custid ='C04';
Query OK, 1 row affected (0.12 sec)
Rows matched: 1  Changed: 1  Warnings: 0

MariaDB [CSD2204S18]> update CUSTOMER set dob ='1995-01-16' where custid ='C05';
Query OK, 1 row affected (0.13 sec)
Rows matched: 1  Changed: 1  Warnings: 0

MariaDB [CSD2204S18]> update CUSTOMER set dob ='1995-10-22' where custid ='C06';
Query OK, 1 row affected (0.11 sec)
Rows matched: 1  Changed: 1  Warnings: 0

MariaDB [CSD2204S18]> update CUSTOMER set dob ='1992-11-07' where custid ='C07';
Query OK, 1 row affected (0.13 sec)
Rows matched: 1  Changed: 1  Warnings: 0

MariaDB [CSD2204S18]> update CUSTOMER set dob ='1996-05-07' where custid ='C08';
Query OK, 1 row affected (0.03 sec)
Rows matched: 1  Changed: 1  Warnings: 0

MariaDB [CSD2204S18]> update CUSTOMER set dob ='1985-08-28' where custid ='C09';
Query OK, 1 row affected (0.11 sec)
Rows matched: 1  Changed: 1  Warnings: 0

MariaDB [CSD2204S18]> update CUSTOMER set dob ='1995-07-17' where custid ='C10';
Query OK, 1 row affected (0.38 sec)
Rows matched: 1  Changed: 1  Warnings: 0

MariaDB [CSD2204S18]> SELECT * FROM CUSTOMER;
+--------+----------------+----------+----------+------------+------+------------+
| custId | name           | nickname | city     | postalCode | age  | dob        |
+--------+----------------+----------+----------+------------+------+------------+
| C01    | ASHLEY         | ASH      | WDC      | 321200     |   34 | 1991-01-15 |
| C02    | BOB MARLEY     | BM       | TORONTO  | 100100     |   23 | 1996-04-15 |
| C03    | CHERLIS THERON | CHER     | NEW YORK | 120134     |   20 | 1994-05-09 |
| C04    | DENIAL JACK    | DJ       | BRAZIL   | 341020     |   25 | 1995-11-03 |
| C05    | DONNA NEWMAN   | NEW      | TORONTO  | 130120     |   50 | 1995-01-16 |
| C06    | ESTON M.       | M.       | TORONTO  | 201023     |   65 | 1995-10-22 |
| C07    | BOBBY CHACKO   | CHAC     | NEW YORK | 320300     |   70 | 1992-11-07 |
| C08    | ASHKO CHARLES  | AK       | USA      | 421044     |   72 | 1996-05-07 |
| C09    | TONY SPECIAL   | SPECIE   | GTA      | 418921     |   62 | 1985-08-28 |
| C10    | JACK SP        | SPARROW  | JERSEY   | 102301     |   35 | 1995-07-17 |
+--------+----------------+----------+----------+------------+------+------------+
10 rows in set (0.00 sec)

MariaDB [CSD2204S18]> SELECT name,dob, TIMESTAMPDIFF(YEAR,dob,CURDATE()) "age" FROM CUSTOMER;
+----------------+------------+------+
| name           | dob        | age  |
+----------------+------------+------+
| ASHLEY         | 1991-01-15 |   27 |
| BOB MARLEY     | 1996-04-15 |   22 |
| CHERLIS THERON | 1994-05-09 |   24 |
| DENIAL JACK    | 1995-11-03 |   22 |
| DONNA NEWMAN   | 1995-01-16 |   23 |
| ESTON M.       | 1995-10-22 |   22 |
| BOBBY CHACKO   | 1992-11-07 |   25 |
| ASHKO CHARLES  | 1996-05-07 |   22 |
| TONY SPECIAL   | 1985-08-28 |   32 |
| JACK SP        | 1995-07-17 |   22 |
+----------------+------------+------+
10 rows in set (0.03 sec)

MariaDB [CSD2204S18]> SELECT name,dob, TIMESTAMPDIFF(DAY,dob,CURDATE()) "age" FROM CUSTOMER;
+----------------+------------+-------+
| name           | dob        | age   |
+----------------+------------+-------+
| ASHLEY         | 1991-01-15 |  9981 |
| BOB MARLEY     | 1996-04-15 |  8064 |
| CHERLIS THERON | 1994-05-09 |  8771 |
| DENIAL JACK    | 1995-11-03 |  8228 |
| DONNA NEWMAN   | 1995-01-16 |  8519 |
| ESTON M.       | 1995-10-22 |  8240 |
| BOBBY CHACKO   | 1992-11-07 |  9319 |
| ASHKO CHARLES  | 1996-05-07 |  8042 |
| TONY SPECIAL   | 1985-08-28 | 11947 |
| JACK SP        | 1995-07-17 |  8337 |
+----------------+------------+-------+
10 rows in set (0.00 sec)

MariaDB [CSD2204S18]> SELECT name,dob, TIMESTAMPDIFF(YEAR,dob,CURDATE()) "age" FROM CUSTOMER HAVING age = 22;
+---------------+------------+------+
| name          | dob        | age  |
+---------------+------------+------+
| BOB MARLEY    | 1996-04-15 |   22 |
| DENIAL JACK   | 1995-11-03 |   22 |
| ESTON M.      | 1995-10-22 |   22 |
| ASHKO CHARLES | 1996-05-07 |   22 |
| JACK SP       | 1995-07-17 |   22 |
+---------------+------------+------+
5 rows in set (0.00 sec)

MariaDB [CSD2204S18]> SELECT name,dob, TIMESTAMPDIFF(YEAR,dob,CURDATE()) "age" FROM CUSTOMER WHERE age = 22;
Empty set (0.00 sec)

MariaDB [CSD2204S18]> SELECT name,dob, TIMESTAMPDIFF(YEAR,dob,CURDATE()) "age" FROM CUSTOMER WHERE TIMESTAMPDIFF(YEAR,dob,CURDATE())= 22;
+---------------+------------+------+
| name          | dob        | age  |
+---------------+------------+------+
| BOB MARLEY    | 1996-04-15 |   22 |
| DENIAL JACK   | 1995-11-03 |   22 |
| ESTON M.      | 1995-10-22 |   22 |
| ASHKO CHARLES | 1996-05-07 |   22 |
| JACK SP       | 1995-07-17 |   22 |
+---------------+------------+------+
5 rows in set (0.00 sec)

MariaDB [CSD2204S18]> SELECT name,dob, TIMESTAMPDIFF(YEAR,dob,CURDATE()) "age" FROM CUSTOMER WHERE TIMESTAMPDIFF(YEAR,dob,CURDATE())= 22;